<?xml version="1.0" encoding="UTF-8"?>

<!-- generated on 2024-10-05 03:06:19 by Eclipse SUMO GUI Version 1.20.0
<configuration xmlns:xsi="http://www.w3.org/2001/XMLSchema-instance" xsi:noNamespaceSchemaLocation="http://sumo.dlr.de/xsd/sumoConfiguration.xsd">

    <input>
        <net-file value="data/lane3_roundabout.net.xml"/>
        <route-files value="data/icacc+.rou.xml"/>
        <additional-files value="data/icacc+.det.xml"/>
    </input>

    <output>
        <tripinfo-output value="tripinfo.xml"/>
    </output>

    <time>
        <begin value="0"/>
        <step-length value="0.01"/>
    </time>

    <processing>
        <collision.mingap-factor value="0"/>
        <time-to-teleport value="-1"/>
        <lanechange.duration value="0.5"/>
    </processing>

    <report>
        <verbose value="true"/>
        <no-step-log value="true"/>
    </report>

    <traci_server>
        <remote-port value="9091"/>
    </traci_server>

    <gui_only>
        <start value="t"/>
    </gui_only>

</configuration>
-->

<detector xmlns:xsi="http://www.w3.org/2001/XMLSchema-instance" xsi:noNamespaceSchemaLocation="http://sumo.dlr.de/xsd/det_e1_file.xsd">
    <interval begin="0.00" end="30.00" id="d1_0" nVehContrib="8" flow="960.00" occupancy="15.56" speed="10.98" harmonicMeanSpeed="10.95" length="6.12" nVehEntered="9"/>
    <interval begin="0.00" end="30.00" id="d1_1" nVehContrib="2" flow="240.00" occupancy="3.58" speed="11.18" harmonicMeanSpeed="11.18" length="6.00" nVehEntered="2"/>
    <interval begin="0.00" end="30.00" id="d1_2" nVehContrib="7" flow="840.00" occupancy="11.93" speed="11.18" harmonicMeanSpeed="11.18" length="5.71" nVehEntered="7"/>
    <interval begin="0.00" end="30.00" id="d2_0" nVehContrib="8" flow="960.00" occupancy="14.19" speed="11.06" harmonicMeanSpeed="11.05" length="5.88" nVehEntered="8"/>
    <interval begin="0.00" end="30.00" id="d2_1" nVehContrib="4" flow="480.00" occupancy="7.75" speed="11.18" harmonicMeanSpeed="11.18" length="6.50" nVehEntered="4"/>
    <interval begin="0.00" end="30.00" id="d2_2" nVehContrib="5" flow="600.00" occupancy="10.83" speed="11.18" harmonicMeanSpeed="11.18" length="6.80" nVehEntered="6"/>
    <interval begin="0.00" end="30.00" id="d3_0" nVehContrib="8" flow="960.00" occupancy="17.29" speed="10.32" harmonicMeanSpeed="10.06" length="6.50" nVehEntered="8"/>
    <interval begin="0.00" end="30.00" id="d3_1" nVehContrib="0" flow="0.00" occupancy="0.00" speed="-1.00" harmonicMeanSpeed="-1.00" length="-1.00" nVehEntered="0"/>
    <interval begin="0.00" end="30.00" id="d3_2" nVehContrib="6" flow="720.00" occupancy="24.81" speed="10.49" harmonicMeanSpeed="10.18" length="7.00" nVehEntered="7"/>
    <interval begin="0.00" end="30.00" id="d4_0" nVehContrib="5" flow="600.00" occupancy="10.14" speed="11.18" harmonicMeanSpeed="11.18" length="6.80" nVehEntered="5"/>
    <interval begin="0.00" end="30.00" id="d4_1" nVehContrib="1" flow="120.00" occupancy="1.49" speed="11.18" harmonicMeanSpeed="11.18" length="5.00" nVehEntered="1"/>
    <interval begin="0.00" end="30.00" id="d4_2" nVehContrib="10" flow="1200.00" occupancy="23.02" speed="10.66" harmonicMeanSpeed="10.28" length="7.10" nVehEntered="11"/>
    <interval begin="0.00" end="30.00" id="od1_0" nVehContrib="10" flow="1200.00" occupancy="19.38" speed="11.18" harmonicMeanSpeed="11.18" length="6.50" nVehEntered="10"/>
    <interval begin="0.00" end="30.00" id="od1_1" nVehContrib="2" flow="240.00" occupancy="3.58" speed="11.18" harmonicMeanSpeed="11.18" length="6.00" nVehEntered="2"/>
    <interval begin="0.00" end="30.00" id="od1_2" nVehContrib="7" flow="840.00" occupancy="11.93" speed="11.18" harmonicMeanSpeed="11.18" length="5.71" nVehEntered="7"/>
    <interval begin="0.00" end="30.00" id="od2_0" nVehContrib="8" flow="960.00" occupancy="14.01" speed="11.18" harmonicMeanSpeed="11.18" length="5.88" nVehEntered="8"/>
    <interval begin="0.00" end="30.00" id="od2_1" nVehContrib="5" flow="600.00" occupancy="10.14" speed="11.18" harmonicMeanSpeed="11.18" length="6.80" nVehEntered="5"/>
    <interval begin="0.00" end="30.00" id="od2_2" nVehContrib="6" flow="720.00" occupancy="14.30" speed="11.18" harmonicMeanSpeed="11.18" length="6.83" nVehEntered="7"/>
    <interval begin="0.00" end="30.00" id="od3_0" nVehContrib="10" flow="1200.00" occupancy="25.74" speed="10.71" harmonicMeanSpeed="10.42" length="6.40" nVehEntered="11"/>
    <interval begin="0.00" end="30.00" id="od3_1" nVehContrib="0" flow="0.00" occupancy="0.00" speed="-1.00" harmonicMeanSpeed="-1.00" length="-1.00" nVehEntered="0"/>
    <interval begin="0.00" end="30.00" id="od3_2" nVehContrib="7" flow="840.00" occupancy="16.39" speed="11.18" harmonicMeanSpeed="11.18" length="7.00" nVehEntered="8"/>
    <interval begin="0.00" end="30.00" id="od4_0" nVehContrib="5" flow="600.00" occupancy="10.14" speed="11.18" harmonicMeanSpeed="11.18" length="6.80" nVehEntered="5"/>
    <interval begin="0.00" end="30.00" id="od4_1" nVehContrib="1" flow="120.00" occupancy="1.49" speed="11.18" harmonicMeanSpeed="11.18" length="5.00" nVehEntered="1"/>
    <interval begin="0.00" end="30.00" id="od4_2" nVehContrib="12" flow="1440.00" occupancy="27.57" speed="11.03" harmonicMeanSpeed="11.00" length="6.92" nVehEntered="13"/>
    <interval begin="0.00" end="30.00" id="ood1_0" nVehContrib="10" flow="1200.00" occupancy="19.38" speed="11.18" harmonicMeanSpeed="11.18" length="6.50" nVehEntered="10"/>
    <interval begin="0.00" end="30.00" id="ood1_1" nVehContrib="3" flow="360.00" occupancy="5.96" speed="11.18" harmonicMeanSpeed="11.18" length="6.67" nVehEntered="3"/>
    <interval begin="0.00" end="30.00" id="ood1_2" nVehContrib="8" flow="960.00" occupancy="14.31" speed="11.18" harmonicMeanSpeed="11.18" length="6.00" nVehEntered="8"/>
    <interval begin="0.00" end="30.00" id="ood2_0" nVehContrib="9" flow="1080.00" occupancy="16.10" speed="11.18" harmonicMeanSpeed="11.18" length="6.00" nVehEntered="9"/>
    <interval begin="0.00" end="30.00" id="ood2_1" nVehContrib="5" flow="600.00" occupancy="10.14" speed="11.18" harmonicMeanSpeed="11.18" length="6.80" nVehEntered="5"/>
    <interval begin="0.00" end="30.00" id="ood2_2" nVehContrib="8" flow="960.00" occupancy="16.40" speed="11.18" harmonicMeanSpeed="11.18" length="6.88" nVehEntered="8"/>
    <interval begin="0.00" end="30.00" id="ood3_0" nVehContrib="12" flow="1440.00" occupancy="24.12" speed="10.93" harmonicMeanSpeed="10.84" length="6.33" nVehEntered="13"/>
    <interval begin="0.00" end="30.00" id="ood3_1" nVehContrib="0" flow="0.00" occupancy="0.00" speed="-1.00" harmonicMeanSpeed="-1.00" length="-1.00" nVehEntered="0"/>
    <interval begin="0.00" end="30.00" id="ood3_2" nVehContrib="9" flow="1080.00" occupancy="19.68" speed="11.18" harmonicMeanSpeed="11.18" length="7.33" nVehEntered="9"/>
    <interval begin="0.00" end="30.00" id="ood4_0" nVehContrib="6" flow="720.00" occupancy="12.82" speed="11.18" harmonicMeanSpeed="11.18" length="7.17" nVehEntered="6"/>
    <interval begin="0.00" end="30.00" id="ood4_1" nVehContrib="2" flow="240.00" occupancy="2.98" speed="11.18" harmonicMeanSpeed="11.18" length="5.00" nVehEntered="2"/>
    <interval begin="0.00" end="30.00" id="ood4_2" nVehContrib="14" flow="1680.00" occupancy="29.22" speed="11.18" harmonicMeanSpeed="11.18" length="7.00" nVehEntered="14"/>
    <interval begin="0.00" end="30.00" id="oood1_0" nVehContrib="11" flow="1320.00" occupancy="20.87" speed="11.18" harmonicMeanSpeed="11.18" length="6.36" nVehEntered="11"/>
    <interval begin="0.00" end="30.00" id="oood1_1" nVehContrib="3" flow="360.00" occupancy="5.96" speed="11.18" harmonicMeanSpeed="11.18" length="6.67" nVehEntered="3"/>
    <interval begin="0.00" end="30.00" id="oood1_2" nVehContrib="9" flow="1080.00" occupancy="16.30" speed="11.15" harmonicMeanSpeed="11.15" length="5.89" nVehEntered="10"/>
    <interval begin="0.00" end="30.00" id="oood2_0" nVehContrib="10" flow="1200.00" occupancy="18.19" speed="11.18" harmonicMeanSpeed="11.18" length="6.10" nVehEntered="10"/>
    <interval begin="0.00" end="30.00" id="oood2_1" nVehContrib="6" flow="720.00" occupancy="12.52" speed="11.18" harmonicMeanSpeed="11.18" length="7.00" nVehEntered="6"/>
    <interval begin="0.00" end="30.00" id="oood2_2" nVehContrib="8" flow="960.00" occupancy="16.42" speed="11.18" harmonicMeanSpeed="11.18" length="6.88" nVehEntered="9"/>
    <interval begin="0.00" end="30.00" id="oood3_0" nVehContrib="13" flow="1560.00" occupancy="24.45" speed="11.18" harmonicMeanSpeed="11.18" length="6.31" nVehEntered="13"/>
    <interval begin="0.00" end="30.00" id="oood3_1" nVehContrib="0" flow="0.00" occupancy="0.00" speed="-1.00" harmonicMeanSpeed="-1.00" length="-1.00" nVehEntered="0"/>
    <interval begin="0.00" end="30.00" id="oood3_2" nVehContrib="11" flow="1320.00" occupancy="22.66" speed="11.18" harmonicMeanSpeed="11.18" length="6.91" nVehEntered="11"/>
    <interval begin="0.00" end="30.00" id="oood4_0" nVehContrib="7" flow="840.00" occupancy="15.50" speed="11.18" harmonicMeanSpeed="11.18" length="7.43" nVehEntered="7"/>
    <interval begin="0.00" end="30.00" id="oood4_1" nVehContrib="2" flow="240.00" occupancy="2.98" speed="11.18" harmonicMeanSpeed="11.18" length="5.00" nVehEntered="2"/>
    <interval begin="0.00" end="30.00" id="oood4_2" nVehContrib="15" flow="1800.00" occupancy="30.71" speed="11.18" harmonicMeanSpeed="11.18" length="6.87" nVehEntered="15"/>
    <interval begin="0.00" end="30.00" id="ooood1_0" nVehContrib="10" flow="1200.00" occupancy="3.08" speed="63.66" harmonicMeanSpeed="61.88" length="5.90" nVehEntered="10"/>
    <interval begin="0.00" end="30.00" id="ooood1_1" nVehContrib="7" flow="840.00" occupancy="2.12" speed="61.22" harmonicMeanSpeed="59.92" length="5.57" nVehEntered="7"/>
    <interval begin="0.00" end="30.00" id="ooood1_2" nVehContrib="13" flow="1560.00" occupancy="3.92" speed="74.80" harmonicMeanSpeed="71.45" length="6.77" nVehEntered="13"/>
    <interval begin="0.00" end="30.00" id="ooood2_0" nVehContrib="12" flow="1440.00" occupancy="3.62" speed="74.58" harmonicMeanSpeed="72.58" length="6.75" nVehEntered="12"/>
    <interval begin="0.00" end="30.00" id="ooood2_1" nVehContrib="10" flow="1200.00" occupancy="3.03" speed="80.34" harmonicMeanSpeed="76.08" length="7.30" nVehEntered="10"/>
    <interval begin="0.00" end="30.00" id="ooood2_2" nVehContrib="8" flow="960.00" occupancy="2.41" speed="75.97" harmonicMeanSpeed="72.85" length="6.88" nVehEntered="8"/>
    <interval begin="0.00" end="30.00" id="ooood3_0" nVehContrib="7" flow="840.00" occupancy="2.11" speed="72.61" harmonicMeanSpeed="67.42" length="6.57" nVehEntered="7"/>
    <interval begin="0.00" end="30.00" id="ooood3_1" nVehContrib="15" flow="1800.00" occupancy="4.53" speed="75.79" harmonicMeanSpeed="73.19" length="6.87" nVehEntered="15"/>
    <interval begin="0.00" end="30.00" id="ooood3_2" nVehContrib="8" flow="960.00" occupancy="2.41" speed="73.20" harmonicMeanSpeed="71.54" length="6.62" nVehEntered="8"/>
    <interval begin="0.00" end="30.00" id="ooood4_0" nVehContrib="12" flow="1440.00" occupancy="3.62" speed="79.18" harmonicMeanSpeed="75.13" length="7.17" nVehEntered="12"/>
    <interval begin="0.00" end="30.00" id="ooood4_1" nVehContrib="6" flow="720.00" occupancy="1.81" speed="69.98" harmonicMeanSpeed="67.42" length="6.33" nVehEntered="6"/>
    <interval begin="0.00" end="30.00" id="ooood4_2" nVehContrib="12" flow="1440.00" occupancy="3.64" speed="73.20" harmonicMeanSpeed="69.80" length="6.67" nVehEntered="12"/>
    <interval begin="30.00" end="60.00" id="d1_0" nVehContrib="13" flow="1560.00" occupancy="29.49" speed="10.57" harmonicMeanSpeed="9.83" length="6.69" nVehEntered="12"/>
    <interval begin="30.00" end="60.00" id="d1_1" nVehContrib="2" flow="240.00" occupancy="4.77" speed="11.18" harmonicMeanSpeed="11.18" length="8.00" nVehEntered="2"/>
    <interval begin="30.00" end="60.00" id="d1_2" nVehContrib="3" flow="360.00" occupancy="8.02" speed="7.67" harmonicMeanSpeed="7.02" length="6.00" nVehEntered="3"/>
    <interval begin="30.00" end="60.00" id="d2_0" nVehContrib="13" flow="1560.00" occupancy="36.59" speed="10.26" harmonicMeanSpeed="9.92" length="8.31" nVehEntered="13"/>
    <interval begin="30.00" end="60.00" id="d2_1" nVehContrib="4" flow="480.00" occupancy="8.65" speed="11.18" harmonicMeanSpeed="11.18" length="7.25" nVehEntered="4"/>
    <interval begin="30.00" end="60.00" id="d2_2" nVehContrib="4" flow="480.00" occupancy="92.14" speed="7.98" harmonicMeanSpeed="2.17" length="7.50" nVehEntered="4"/>
    <interval begin="30.00" end="60.00" id="d3_0" nVehContrib="13" flow="1560.00" occupancy="48.99" speed="10.08" harmonicMeanSpeed="5.24" length="6.92" nVehEntered="13"/>
    <interval begin="30.00" end="60.00" id="d3_1" nVehContrib="2" flow="240.00" occupancy="3.28" speed="11.18" harmonicMeanSpeed="11.18" length="5.50" nVehEntered="2"/>
    <interval begin="30.00" end="60.00" id="d3_2" nVehContrib="5" flow="600.00" occupancy="94.89" speed="6.78" harmonicMeanSpeed="1.03" length="6.80" nVehEntered="5"/>
    <interval begin="30.00" end="60.00" id="d4_0" nVehContrib="16" flow="1920.00" occupancy="47.91" speed="10.19" harmonicMeanSpeed="7.75" length="6.88" nVehEntered="16"/>
    <interval begin="30.00" end="60.00" id="d4_1" nVehContrib="1" flow="120.00" occupancy="1.49" speed="11.18" harmonicMeanSpeed="11.18" length="5.00" nVehEntered="1"/>
    <interval begin="30.00" end="60.00" id="d4_2" nVehContrib="6" flow="720.00" occupancy="35.38" speed="8.36" harmonicMeanSpeed="4.42" length="6.50" nVehEntered="6"/>
    <interval begin="30.00" end="60.00" id="od1_0" nVehContrib="12" flow="1440.00" occupancy="23.85" speed="11.18" harmonicMeanSpeed="11.18" length="6.67" nVehEntered="12"/>
    <interval begin="30.00" end="60.00" id="od1_1" nVehContrib="2" flow="240.00" occupancy="4.77" speed="11.18" harmonicMeanSpeed="11.18" length="8.00" nVehEntered="2"/>
    <interval begin="30.00" end="60.00" id="od1_2" nVehContrib="5" flow="600.00" occupancy="78.06" speed="8.60" harmonicMeanSpeed="3.02" length="6.60" nVehEntered="6"/>
    <interval begin="30.00" end="60.00" id="od2_0" nVehContrib="14" flow="1680.00" occupancy="36.42" speed="10.73" harmonicMeanSpeed="10.61" length="8.07" nVehEntered="15"/>
    <interval begin="30.00" end="60.00" id="od2_1" nVehContrib="3" flow="360.00" occupancy="6.60" speed="11.18" harmonicMeanSpeed="11.18" length="7.00" nVehEntered="4"/>
    <interval begin="30.00" end="60.00" id="od2_2" nVehContrib="5" flow="600.00" occupancy="80.25" speed="8.76" harmonicMeanSpeed="3.48" length="7.60" nVehEntered="5"/>
    <interval begin="30.00" end="60.00" id="od3_0" nVehContrib="11" flow="1320.00" occupancy="32.59" speed="9.54" harmonicMeanSpeed="6.30" length="7.09" nVehEntered="10"/>
    <interval begin="30.00" end="60.00" id="od3_1" nVehContrib="3" flow="360.00" occupancy="5.66" speed="11.18" harmonicMeanSpeed="11.18" length="6.33" nVehEntered="3"/>
    <interval begin="30.00" end="60.00" id="od3_2" nVehContrib="6" flow="720.00" occupancy="70.08" speed="7.56" harmonicMeanSpeed="2.93" length="7.50" nVehEntered="6"/>
    <interval begin="30.00" end="60.00" id="od4_0" nVehContrib="17" flow="2040.00" occupancy="39.79" speed="10.50" harmonicMeanSpeed="10.22" length="6.94" nVehEntered="18"/>
    <interval begin="30.00" end="60.00" id="od4_1" nVehContrib="1" flow="120.00" occupancy="1.49" speed="11.18" harmonicMeanSpeed="11.18" length="5.00" nVehEntered="1"/>
    <interval begin="30.00" end="60.00" id="od4_2" nVehContrib="7" flow="840.00" occupancy="81.37" speed="7.15" harmonicMeanSpeed="1.87" length="6.86" nVehEntered="6"/>
    <interval begin="30.00" end="60.00" id="ood1_0" nVehContrib="12" flow="1440.00" occupancy="23.85" speed="11.18" harmonicMeanSpeed="11.18" length="6.67" nVehEntered="12"/>
    <interval begin="30.00" end="60.00" id="ood1_1" nVehContrib="1" flow="120.00" occupancy="2.39" speed="11.18" harmonicMeanSpeed="11.18" length="8.00" nVehEntered="1"/>
    <interval begin="30.00" end="60.00" id="ood1_2" nVehContrib="7" flow="840.00" occupancy="13.33" speed="10.77" harmonicMeanSpeed="10.73" length="6.14" nVehEntered="7"/>
    <interval begin="30.00" end="60.00" id="ood2_0" nVehContrib="15" flow="1800.00" occupancy="37.43" speed="10.87" harmonicMeanSpeed="10.83" length="8.00" nVehEntered="16"/>
    <interval begin="30.00" end="60.00" id="ood2_1" nVehContrib="4" flow="480.00" occupancy="7.75" speed="11.18" harmonicMeanSpeed="11.18" length="6.50" nVehEntered="4"/>
    <interval begin="30.00" end="60.00" id="ood2_2" nVehContrib="6" flow="720.00" occupancy="30.09" speed="8.88" harmonicMeanSpeed="4.47" length="7.67" nVehEntered="6"/>
    <interval begin="30.00" end="60.00" id="ood3_0" nVehContrib="10" flow="1200.00" occupancy="25.25" speed="10.25" harmonicMeanSpeed="9.53" length="7.50" nVehEntered="9"/>
    <interval begin="30.00" end="60.00" id="ood3_1" nVehContrib="4" flow="480.00" occupancy="7.75" speed="11.18" harmonicMeanSpeed="11.18" length="6.50" nVehEntered="4"/>
    <interval begin="30.00" end="60.00" id="ood3_2" nVehContrib="7" flow="840.00" occupancy="22.77" speed="10.37" harmonicMeanSpeed="10.24" length="6.71" nVehEntered="8"/>
    <interval begin="30.00" end="60.00" id="ood4_0" nVehContrib="17" flow="2040.00" occupancy="35.68" speed="10.89" harmonicMeanSpeed="10.82" length="6.82" nVehEntered="17"/>
    <interval begin="30.00" end="60.00" id="ood4_1" nVehContrib="0" flow="0.00" occupancy="0.00" speed="-1.00" harmonicMeanSpeed="-1.00" length="-1.00" nVehEntered="0"/>
    <interval begin="30.00" end="60.00" id="ood4_2" nVehContrib="7" flow="840.00" occupancy="41.00" speed="9.02" harmonicMeanSpeed="4.23" length="6.57" nVehEntered="7"/>
    <interval begin="30.00" end="60.00" id="oood1_0" nVehContrib="11" flow="1320.00" occupancy="22.79" speed="11.03" harmonicMeanSpeed="11.02" length="6.82" nVehEntered="11"/>
    <interval begin="30.00" end="60.00" id="oood1_1" nVehContrib="1" flow="120.00" occupancy="2.39" speed="11.18" harmonicMeanSpeed="11.18" length="8.00" nVehEntered="1"/>
    <interval begin="30.00" end="60.00" id="oood1_2" nVehContrib="8" flow="960.00" occupancy="34.94" speed="10.96" harmonicMeanSpeed="10.93" length="6.38" nVehEntered="8"/>
    <interval begin="30.00" end="60.00" id="oood2_0" nVehContrib="15" flow="1800.00" occupancy="39.94" speed="10.66" harmonicMeanSpeed="10.59" length="8.07" nVehEntered="16"/>
    <interval begin="30.00" end="60.00" id="oood2_1" nVehContrib="3" flow="360.00" occupancy="5.38" speed="11.16" harmonicMeanSpeed="11.16" length="6.00" nVehEntered="3"/>
    <interval begin="30.00" end="60.00" id="oood2_2" nVehContrib="7" flow="840.00" occupancy="17.99" speed="10.62" harmonicMeanSpeed="10.51" length="7.86" nVehEntered="7"/>
    <interval begin="30.00" end="60.00" id="oood3_0" nVehContrib="9" flow="1080.00" occupancy="31.31" speed="8.49" harmonicMeanSpeed="7.50" length="7.67" nVehEntered="10"/>
    <interval begin="30.00" end="60.00" id="oood3_1" nVehContrib="4" flow="480.00" occupancy="7.75" speed="11.18" harmonicMeanSpeed="11.18" length="6.50" nVehEntered="4"/>
    <interval begin="30.00" end="60.00" id="oood3_2" nVehContrib="7" flow="840.00" occupancy="14.37" speed="11.13" harmonicMeanSpeed="11.12" length="6.86" nVehEntered="7"/>
    <interval begin="30.00" end="60.00" id="oood4_0" nVehContrib="17" flow="2040.00" occupancy="35.60" speed="10.81" harmonicMeanSpeed="10.53" length="6.65" nVehEntered="17"/>
    <interval begin="30.00" end="60.00" id="oood4_1" nVehContrib="0" flow="0.00" occupancy="0.00" speed="-1.00" harmonicMeanSpeed="-1.00" length="-1.00" nVehEntered="0"/>
    <interval begin="30.00" end="60.00" id="oood4_2" nVehContrib="6" flow="720.00" occupancy="32.05" speed="9.39" harmonicMeanSpeed="3.93" length="6.83" nVehEntered="6"/>
    <interval begin="30.00" end="60.00" id="ooood1_0" nVehContrib="6" flow="720.00" occupancy="1.82" speed="71.61" harmonicMeanSpeed="68.18" length="6.50" nVehEntered="6"/>
    <interval begin="30.00" end="60.00" id="ooood1_1" nVehContrib="10" flow="1200.00" occupancy="3.13" speed="76.31" harmonicMeanSpeed="72.70" length="7.10" nVehEntered="10"/>
    <interval begin="30.00" end="60.00" id="ooood1_2" nVehContrib="9" flow="1080.00" occupancy="2.72" speed="80.84" harmonicMeanSpeed="78.54" length="7.33" nVehEntered="9"/>
    <interval begin="30.00" end="60.00" id="ooood2_0" nVehContrib="13" flow="1560.00" occupancy="4.20" speed="76.24" harmonicMeanSpeed="72.26" length="7.31" nVehEntered="13"/>
    <interval begin="30.00" end="60.00" id="ooood2_1" nVehContrib="10" flow="1200.00" occupancy="3.26" speed="77.83" harmonicMeanSpeed="74.07" length="7.40" nVehEntered="10"/>
    <interval begin="30.00" end="60.00" id="ooood2_2" nVehContrib="4" flow="480.00" occupancy="1.21" speed="74.39" harmonicMeanSpeed="69.36" length="6.75" nVehEntered="4"/>
    <interval begin="30.00" end="60.00" id="ooood3_0" nVehContrib="3" flow="360.00" occupancy="3.60" speed="57.84" harmonicMeanSpeed="19.52" length="7.33" nVehEntered="3"/>
    <interval begin="30.00" end="60.00" id="ooood3_1" nVehContrib="10" flow="1200.00" occupancy="3.89" speed="75.06" harmonicMeanSpeed="71.06" length="6.80" nVehEntered="11"/>
    <interval begin="30.00" end="60.00" id="ooood3_2" nVehContrib="7" flow="840.00" occupancy="2.11" speed="74.19" harmonicMeanSpeed="70.67" length="6.71" nVehEntered="7"/>
    <interval begin="30.00" end="60.00" id="ooood4_0" nVehContrib="10" flow="1200.00" occupancy="3.02" speed="75.14" harmonicMeanSpeed="72.08" length="6.80" nVehEntered="10"/>
    <interval begin="30.00" end="60.00" id="ooood4_1" nVehContrib="7" flow="840.00" occupancy="2.12" speed="78.57" harmonicMeanSpeed="76.05" length="7.14" nVehEntered="7"/>
    <interval begin="30.00" end="60.00" id="ooood4_2" nVehContrib="7" flow="840.00" occupancy="2.11" speed="75.77" harmonicMeanSpeed="72.24" length="6.86" nVehEntered="7"/>
    <interval begin="60.00" end="68.76" id="d1_0" nVehContrib="2" flow="821.92" occupancy="16.34" speed="11.18" harmonicMeanSpeed="11.18" length="8.00" nVehEntered="2"/>
    <interval begin="60.00" end="68.76" id="d1_1" nVehContrib="0" flow="0.00" occupancy="0.00" speed="-1.00" harmonicMeanSpeed="-1.00" length="-1.00" nVehEntered="0"/>
    <interval begin="60.00" end="68.76" id="d1_2" nVehContrib="1" flow="410.96" occupancy="49.22" speed="9.24" harmonicMeanSpeed="9.24" length="8.00" nVehEntered="2"/>
    <interval begin="60.00" end="68.76" id="d2_0" nVehContrib="3" flow="1232.88" occupancy="63.64" speed="7.16" harmonicMeanSpeed="4.52" length="6.33" nVehEntered="4"/>
    <interval begin="60.00" end="68.76" id="d2_1" nVehContrib="1" flow="410.96" occupancy="5.11" speed="11.18" harmonicMeanSpeed="11.18" length="5.00" nVehEntered="1"/>
    <interval begin="60.00" end="68.76" id="d2_2" nVehContrib="2" flow="821.92" occupancy="93.15" speed="5.83" harmonicMeanSpeed="0.95" length="7.50" nVehEntered="2"/>
    <interval begin="60.00" end="68.76" id="d3_0" nVehContrib="3" flow="1232.88" occupancy="20.42" speed="11.18" harmonicMeanSpeed="11.18" length="6.67" nVehEntered="3"/>
    <interval begin="60.00" end="68.76" id="d3_1" nVehContrib="2" flow="821.92" occupancy="15.32" speed="11.18" harmonicMeanSpeed="11.18" length="7.50" nVehEntered="2"/>
    <interval begin="60.00" end="68.76" id="d3_2" nVehContrib="0" flow="0.00" occupancy="100.00" speed="-1.00" harmonicMeanSpeed="-1.00" length="-1.00" nVehEntered="0"/>
    <interval begin="60.00" end="68.76" id="d4_0" nVehContrib="3" flow="1232.88" occupancy="21.97" speed="10.95" harmonicMeanSpeed="10.94" length="7.00" nVehEntered="3"/>
    <interval begin="60.00" end="68.76" id="d4_1" nVehContrib="0" flow="0.00" occupancy="0.00" speed="-1.00" harmonicMeanSpeed="-1.00" length="-1.00" nVehEntered="0"/>
    <interval begin="60.00" end="68.76" id="d4_2" nVehContrib="0" flow="0.00" occupancy="100.00" speed="-1.00" harmonicMeanSpeed="-1.00" length="-1.00" nVehEntered="0"/>
    <interval begin="60.00" end="68.76" id="od1_0" nVehContrib="2" flow="821.92" occupancy="12.25" speed="11.18" harmonicMeanSpeed="11.18" length="6.00" nVehEntered="2"/>
    <interval begin="60.00" end="68.76" id="od1_1" nVehContrib="2" flow="821.92" occupancy="12.25" speed="11.18" harmonicMeanSpeed="11.18" length="6.00" nVehEntered="2"/>
    <interval begin="60.00" end="68.76" id="od1_2" nVehContrib="2" flow="821.92" occupancy="92.90" speed="5.58" harmonicMeanSpeed="0.70" length="5.50" nVehEntered="2"/>
    <interval begin="60.00" end="68.76" id="od2_0" nVehContrib="5" flow="2054.79" occupancy="49.96" speed="8.55" harmonicMeanSpeed="7.71" length="7.20" nVehEntered="4"/>
    <interval begin="60.00" end="68.76" id="od2_1" nVehContrib="1" flow="410.96" occupancy="3.95" speed="11.18" harmonicMeanSpeed="11.18" length="5.00" nVehEntered="0"/>
    <interval begin="60.00" end="68.76" id="od2_2" nVehContrib="2" flow="821.92" occupancy="92.21" speed="5.65" harmonicMeanSpeed="0.65" length="7.00" nVehEntered="2"/>
    <interval begin="60.00" end="68.76" id="od3_0" nVehContrib="3" flow="1232.88" occupancy="20.42" speed="11.18" harmonicMeanSpeed="11.18" length="6.67" nVehEntered="3"/>
    <interval begin="60.00" end="68.76" id="od3_1" nVehContrib="1" flow="410.96" occupancy="7.15" speed="11.18" harmonicMeanSpeed="11.18" length="7.00" nVehEntered="1"/>
    <interval begin="60.00" end="68.76" id="od3_2" nVehContrib="0" flow="0.00" occupancy="100.00" speed="-1.00" harmonicMeanSpeed="-1.00" length="-1.00" nVehEntered="0"/>
    <interval begin="60.00" end="68.76" id="od4_0" nVehContrib="2" flow="821.92" occupancy="8.20" speed="11.18" harmonicMeanSpeed="11.18" length="6.50" nVehEntered="1"/>
    <interval begin="60.00" end="68.76" id="od4_1" nVehContrib="0" flow="0.00" occupancy="0.00" speed="-1.00" harmonicMeanSpeed="-1.00" length="-1.00" nVehEntered="0"/>
    <interval begin="60.00" end="68.76" id="od4_2" nVehContrib="0" flow="0.00" occupancy="0.00" speed="-1.00" harmonicMeanSpeed="-1.00" length="-1.00" nVehEntered="0"/>
    <interval begin="60.00" end="68.76" id="ood1_0" nVehContrib="3" flow="1232.88" occupancy="21.44" speed="11.18" harmonicMeanSpeed="11.18" length="7.00" nVehEntered="3"/>
    <interval begin="60.00" end="68.76" id="ood1_1" nVehContrib="2" flow="821.92" occupancy="12.25" speed="11.18" harmonicMeanSpeed="11.18" length="6.00" nVehEntered="2"/>
    <interval begin="60.00" end="68.76" id="ood1_2" nVehContrib="2" flow="821.92" occupancy="18.59" speed="8.43" harmonicMeanSpeed="8.25" length="6.50" nVehEntered="2"/>
    <interval begin="60.00" end="68.76" id="ood2_0" nVehContrib="4" flow="1643.84" occupancy="36.76" speed="10.58" harmonicMeanSpeed="10.47" length="7.75" nVehEntered="4"/>
    <interval begin="60.00" end="68.76" id="ood2_1" nVehContrib="0" flow="0.00" occupancy="0.00" speed="-1.00" harmonicMeanSpeed="-1.00" length="-1.00" nVehEntered="0"/>
    <interval begin="60.00" end="68.76" id="ood2_2" nVehContrib="2" flow="821.92" occupancy="18.81" speed="9.77" harmonicMeanSpeed="9.76" length="8.00" nVehEntered="2"/>
    <interval begin="60.00" end="68.76" id="ood3_0" nVehContrib="2" flow="821.92" occupancy="14.22" speed="11.18" harmonicMeanSpeed="11.18" length="5.50" nVehEntered="3"/>
    <interval begin="60.00" end="68.76" id="ood3_1" nVehContrib="0" flow="0.00" occupancy="0.00" speed="-1.00" harmonicMeanSpeed="-1.00" length="-1.00" nVehEntered="0"/>
    <interval begin="60.00" end="68.76" id="ood3_2" nVehContrib="0" flow="0.00" occupancy="100.00" speed="-1.00" harmonicMeanSpeed="-1.00" length="-1.00" nVehEntered="0"/>
    <interval begin="60.00" end="68.76" id="ood4_0" nVehContrib="1" flow="410.96" occupancy="6.13" speed="11.18" harmonicMeanSpeed="11.18" length="6.00" nVehEntered="1"/>
    <interval begin="60.00" end="68.76" id="ood4_1" nVehContrib="0" flow="0.00" occupancy="0.00" speed="-1.00" harmonicMeanSpeed="-1.00" length="-1.00" nVehEntered="0"/>
    <interval begin="60.00" end="68.76" id="ood4_2" nVehContrib="0" flow="0.00" occupancy="56.92" speed="-1.00" harmonicMeanSpeed="-1.00" length="-1.00" nVehEntered="1"/>
    <interval begin="60.00" end="68.76" id="oood1_0" nVehContrib="4" flow="1643.84" occupancy="36.41" speed="10.23" harmonicMeanSpeed="10.19" length="7.25" nVehEntered="5"/>
    <interval begin="60.00" end="68.76" id="oood1_1" nVehContrib="2" flow="821.92" occupancy="12.25" speed="11.18" harmonicMeanSpeed="11.18" length="6.00" nVehEntered="2"/>
    <interval begin="60.00" end="68.76" id="oood1_2" nVehContrib="1" flow="410.96" occupancy="58.81" speed="0.87" harmonicMeanSpeed="0.87" length="9.00" nVehEntered="1"/>
    <interval begin="60.00" end="68.76" id="oood2_0" nVehContrib="5" flow="2054.79" occupancy="31.72" speed="10.79" harmonicMeanSpeed="10.77" length="7.20" nVehEntered="4"/>
    <interval begin="60.00" end="68.76" id="oood2_1" nVehContrib="1" flow="410.96" occupancy="9.19" speed="11.18" harmonicMeanSpeed="11.18" length="9.00" nVehEntered="1"/>
    <interval begin="60.00" end="68.76" id="oood2_2" nVehContrib="2" flow="821.92" occupancy="50.57" speed="5.13" harmonicMeanSpeed="2.30" length="6.00" nVehEntered="1"/>
    <interval begin="60.00" end="68.76" id="oood3_0" nVehContrib="4" flow="1643.84" occupancy="21.95" speed="9.98" harmonicMeanSpeed="9.94" length="5.75" nVehEntered="3"/>
    <interval begin="60.00" end="68.76" id="oood3_1" nVehContrib="0" flow="0.00" occupancy="0.00" speed="-1.00" harmonicMeanSpeed="-1.00" length="-1.00" nVehEntered="0"/>
    <interval begin="60.00" end="68.76" id="oood3_2" nVehContrib="1" flow="410.96" occupancy="12.18" speed="8.43" harmonicMeanSpeed="8.43" length="9.00" nVehEntered="1"/>
    <interval begin="60.00" end="68.76" id="oood4_0" nVehContrib="0" flow="0.00" occupancy="0.00" speed="-1.00" harmonicMeanSpeed="-1.00" length="-1.00" nVehEntered="0"/>
    <interval begin="60.00" end="68.76" id="oood4_1" nVehContrib="0" flow="0.00" occupancy="0.00" speed="-1.00" harmonicMeanSpeed="-1.00" length="-1.00" nVehEntered="0"/>
    <interval begin="60.00" end="68.76" id="oood4_2" nVehContrib="3" flow="1232.88" occupancy="45.75" speed="9.22" harmonicMeanSpeed="9.08" length="6.00" nVehEntered="4"/>
    <interval begin="60.00" end="68.76" id="ooood1_0" nVehContrib="5" flow="2054.79" occupancy="5.20" speed="72.54" harmonicMeanSpeed="69.25" length="6.60" nVehEntered="5"/>
    <interval begin="60.00" end="68.76" id="ooood1_1" nVehContrib="1" flow="410.96" occupancy="1.03" speed="77.35" harmonicMeanSpeed="77.35" length="7.00" nVehEntered="1"/>
    <interval begin="60.00" end="68.76" id="ooood1_2" nVehContrib="2" flow="821.92" occupancy="2.07" speed="60.77" harmonicMeanSpeed="60.27" length="5.50" nVehEntered="2"/>
    <interval begin="60.00" end="68.76" id="ooood2_0" nVehContrib="3" flow="1232.88" occupancy="3.46" speed="66.05" harmonicMeanSpeed="64.82" length="6.67" nVehEntered="3"/>
    <interval begin="60.00" end="68.76" id="ooood2_1" nVehContrib="4" flow="1643.84" occupancy="5.18" speed="67.51" harmonicMeanSpeed="59.55" length="7.00" nVehEntered="4"/>
    <interval begin="60.00" end="68.76" id="ooood2_2" nVehContrib="2" flow="821.92" occupancy="2.07" speed="66.30" harmonicMeanSpeed="64.46" length="6.00" nVehEntered="2"/>
    <interval begin="60.00" end="68.76" id="ooood3_0" nVehContrib="6" flow="2465.75" occupancy="6.21" speed="68.02" harmonicMeanSpeed="66.04" length="6.17" nVehEntered="6"/>
    <interval begin="60.00" end="68.76" id="ooood3_1" nVehContrib="3" flow="1232.88" occupancy="3.13" speed="83.87" harmonicMeanSpeed="81.64" length="7.67" nVehEntered="3"/>
    <interval begin="60.00" end="68.76" id="ooood3_2" nVehContrib="1" flow="410.96" occupancy="1.03" speed="88.40" harmonicMeanSpeed="88.40" length="8.00" nVehEntered="1"/>
    <interval begin="60.00" end="68.76" id="ooood4_0" nVehContrib="1" flow="410.96" occupancy="1.03" speed="55.25" harmonicMeanSpeed="55.25" length="5.00" nVehEntered="1"/>
    <interval begin="60.00" end="68.76" id="ooood4_1" nVehContrib="4" flow="1643.84" occupancy="4.13" speed="80.11" harmonicMeanSpeed="76.34" length="7.25" nVehEntered="4"/>
    <interval begin="60.00" end="68.76" id="ooood4_2" nVehContrib="0" flow="0.00" occupancy="0.00" speed="-1.00" harmonicMeanSpeed="-1.00" length="-1.00" nVehEntered="0"/>
</detector>
